#-----------------------------------------------------------
# Vivado v2023.1 (64-bit)
# SW Build 3865809 on Sun May  7 15:05:29 MDT 2023
# IP Build 3864474 on Sun May  7 20:36:21 MDT 2023
# SharedData Build 3865790 on Sun May 07 13:33:03 MDT 2023
# Start of session at: Sun Nov 19 23:40:34 2023
# Process ID: 23716
# Current directory: C:/Users/kyle/OneDrive - SNU/maskgenFPGA/dfx/ip/dma/vivado/dma
# Command line: vivado.exe -gui_launcher_event rodinguilauncherevent8572 C:\Users\kyle\OneDrive - SNU\maskgenFPGA\dfx\ip\dma\vivado\dma\dma.xpr
# Log file: C:/Users/kyle/OneDrive - SNU/maskgenFPGA/dfx/ip/dma/vivado/dma/vivado.log
# Journal file: C:/Users/kyle/OneDrive - SNU/maskgenFPGA/dfx/ip/dma/vivado/dma\vivado.jou
# Running On: DESKTOP-UBRTFOE, OS: Windows, CPU Frequency: 2592 MHz, CPU Physical cores: 6, Host memory: 16963 MB
#-----------------------------------------------------------
start_gui
open_project -read_only {C:/Users/kyle/OneDrive - SNU/maskgenFPGA/dfx/ip/dma/vivado/dma/dma.xpr}
